// Jest Snapshot v1, https://goo.gl/fbAQLP

exports[`GenreQuestionScreen is rendered correctly 1`] = `
<section
  className="game__screen"
>
  <h2
    className="game__title"
  >
    Выберите 
    rock
     треки
  </h2>
  <form
    className="game__tracks"
    onSubmit={[Function]}
  >
    <div
      className="track"
    >
      <button
        className="track__button track__button--play"
        disabled={true}
        onClick={[Function]}
        type="button"
      />
      <div
        className="track__status"
      >
        <audio />
      </div>
      <div
        className="game__answer"
      >
        <input
          className="game__input visually-hidden"
          id="answer-undefined"
          name="answer"
          onChange={[Function]}
          type="checkbox"
          value="answer-undefined"
        />
        <label
          className="game__check"
          htmlFor="answer-undefined"
        >
          Отметить
        </label>
      </div>
    </div>
    <div
      className="track"
    >
      <button
        className="track__button track__button--play"
        disabled={true}
        onClick={[Function]}
        type="button"
      />
      <div
        className="track__status"
      >
        <audio />
      </div>
      <div
        className="game__answer"
      >
        <input
          className="game__input visually-hidden"
          id="answer-undefined"
          name="answer"
          onChange={[Function]}
          type="checkbox"
          value="answer-undefined"
        />
        <label
          className="game__check"
          htmlFor="answer-undefined"
        >
          Отметить
        </label>
      </div>
    </div>
    <div
      className="track"
    >
      <button
        className="track__button track__button--play"
        disabled={true}
        onClick={[Function]}
        type="button"
      />
      <div
        className="track__status"
      >
        <audio />
      </div>
      <div
        className="game__answer"
      >
        <input
          className="game__input visually-hidden"
          id="answer-undefined"
          name="answer"
          onChange={[Function]}
          type="checkbox"
          value="answer-undefined"
        />
        <label
          className="game__check"
          htmlFor="answer-undefined"
        >
          Отметить
        </label>
      </div>
    </div>
    <div
      className="track"
    >
      <button
        className="track__button track__button--play"
        disabled={true}
        onClick={[Function]}
        type="button"
      />
      <div
        className="track__status"
      >
        <audio />
      </div>
      <div
        className="game__answer"
      >
        <input
          className="game__input visually-hidden"
          id="answer-undefined"
          name="answer"
          onChange={[Function]}
          type="checkbox"
          value="answer-undefined"
        />
        <label
          className="game__check"
          htmlFor="answer-undefined"
        >
          Отметить
        </label>
      </div>
    </div>
    <button
      className="game__submit button"
      type="submit"
    >
      Ответить
    </button>
  </form>
</section>
`;
